exports[`santize should strip whitespace 1`] = `"test"`;
